2026-05-11 14:10:56 [main] INFO  c.w.WorkforceOptimizationApplication - Starting WorkforceOptimizationApplication using Java 17.0.17 with PID 25880 (D:\AK_AI-Based Shift Optimization System for Blue-Collar Workforce\backend\target\classes started by ashok in D:\AK_AI-Based Shift Optimization System for Blue-Collar Workforce\backend)
2026-05-11 14:10:56 [main] DEBUG c.w.WorkforceOptimizationApplication - Running with Spring Boot v3.2.0, Spring v6.1.1
2026-05-11 14:10:56 [main] INFO  c.w.WorkforceOptimizationApplication - No active profile set, falling back to 1 default profile: "default"
2026-05-11 14:10:58 [main] INFO  o.s.d.r.c.RepositoryConfigurationDelegate - Bootstrapping Spring Data JPA repositories in DEFAULT mode.
2026-05-11 14:10:58 [main] INFO  o.s.d.r.c.RepositoryConfigurationDelegate - Finished Spring Data repository scanning in 129 ms. Found 8 JPA repository interfaces.
2026-05-11 14:11:00 [main] INFO  o.s.b.w.e.tomcat.TomcatWebServer - Tomcat initialized with port 8080 (http)
2026-05-11 14:11:00 [main] INFO  o.a.catalina.core.StandardService - Starting service [Tomcat]
2026-05-11 14:11:00 [main] INFO  o.a.catalina.core.StandardEngine - Starting Servlet engine: [Apache Tomcat/10.1.16]
2026-05-11 14:11:00 [main] INFO  o.a.c.c.C.[Tomcat].[localhost].[/] - Initializing Spring embedded WebApplicationContext
2026-05-11 14:11:00 [main] INFO  o.s.b.w.s.c.ServletWebServerApplicationContext - Root WebApplicationContext: initialization completed in 3339 ms
2026-05-11 14:11:00 [main] INFO  com.zaxxer.hikari.HikariDataSource - HikariPool-1 - Starting...
2026-05-11 14:11:00 [main] INFO  com.zaxxer.hikari.pool.HikariPool - HikariPool-1 - Added connection conn0: url=jdbc:h2:mem:workforce_db user=SA
2026-05-11 14:11:00 [main] INFO  com.zaxxer.hikari.HikariDataSource - HikariPool-1 - Start completed.
2026-05-11 14:11:00 [main] INFO  o.s.b.a.h.H2ConsoleAutoConfiguration - H2 console available at '/h2-console'. Database available at 'jdbc:h2:mem:workforce_db'
2026-05-11 14:11:01 [main] INFO  o.h.jpa.internal.util.LogHelper - HHH000204: Processing PersistenceUnitInfo [name: default]
2026-05-11 14:11:01 [main] INFO  org.hibernate.Version - HHH000412: Hibernate ORM core version 6.3.1.Final
2026-05-11 14:11:01 [main] INFO  o.h.c.i.RegionFactoryInitiator - HHH000026: Second-level cache disabled
2026-05-11 14:11:01 [main] INFO  o.s.o.j.p.SpringPersistenceUnitInfo - No LoadTimeWeaver setup: ignoring JPA class transformer
2026-05-11 14:11:01 [main] WARN  org.hibernate.orm.deprecation - HHH90000025: H2Dialect does not need to be specified explicitly using 'hibernate.dialect' (remove the property setting and it will be selected by default)
2026-05-11 14:11:04 [main] INFO  o.h.e.t.j.p.i.JtaPlatformInitiator - HHH000489: No JTA platform available (set 'hibernate.transaction.jta.platform' to enable JTA platform integration)
2026-05-11 14:11:04 [main] DEBUG org.hibernate.SQL - 
    create table attrition_scores (
        id bigint generated by default as identity,
        absenteeism_rate numeric(5,2),
        created_at timestamp(6),
        model_version varchar(50),
        night_shifts_count_3m integer,
        overtime_hours_3m numeric(8,2),
        performance_score numeric(5,2),
        prediction_date date not null,
        risk_level varchar(10) not null check (risk_level in ('LOW','MEDIUM','HIGH')),
        risk_score numeric(5,4) not null,
        tenure_months integer,
        employee_id bigint not null,
        primary key (id)
    )
2026-05-11 14:11:04 [main] DEBUG org.hibernate.SQL - 
    create table departments (
        id bigint generated by default as identity,
        budget numeric(15,2),
        created_at timestamp(6),
        description TEXT,
        manager_id bigint,
        name varchar(100) not null,
        primary key (id)
    )
2026-05-11 14:11:04 [main] DEBUG org.hibernate.SQL - 
    create table employees (
        id bigint generated by default as identity,
        base_salary numeric(38,2),
        code varchar(50) not null,
        created_at timestamp(6),
        email varchar(100) not null,
        full_name varchar(100) not null,
        hire_date timestamp(6),
        is_active boolean,
        phone varchar(20),
        department_id bigint,
        primary key (id)
    )
2026-05-11 14:11:04 [main] DEBUG org.hibernate.SQL - 
    create table roles (
        id bigint generated by default as identity,
        created_at timestamp(6),
        description varchar(255),
        name varchar(50) not null,
        primary key (id)
    )
2026-05-11 14:11:04 [main] DEBUG org.hibernate.SQL - 
    create table shift_assignments (
        id bigint generated by default as identity,
        assignment_date timestamp(6) not null,
        created_at timestamp(6),
        is_overtime boolean,
        employee_id bigint not null,
        shift_id bigint not null,
        primary key (id)
    )
2026-05-11 14:11:04 [main] DEBUG org.hibernate.SQL - 
    create table shifts (
        id bigint generated by default as identity,
        created_at timestamp(6),
        end_time timestamp(6) not null,
        name varchar(100) not null,
        start_time timestamp(6) not null,
        workers_required integer,
        required_skill_id bigint,
        primary key (id)
    )
2026-05-11 14:11:04 [main] DEBUG org.hibernate.SQL - 
    create table skills (
        id bigint generated by default as identity,
        category varchar(50),
        created_at timestamp(6),
        name varchar(100) not null,
        primary key (id)
    )
2026-05-11 14:11:04 [main] DEBUG org.hibernate.SQL - 
    create table users (
        id bigint generated by default as identity,
        created_at timestamp(6),
        email varchar(255) not null,
        is_active boolean,
        password_hash varchar(255) not null,
        updated_at timestamp(6),
        username varchar(100) not null,
        role_id bigint not null,
        primary key (id)
    )
2026-05-11 14:11:04 [main] DEBUG org.hibernate.SQL - 
    alter table if exists departments 
       drop constraint if exists UK_j6cwks7xecs5jov19ro8ge3qk
2026-05-11 14:11:04 [main] DEBUG org.hibernate.SQL - 
    alter table if exists departments 
       add constraint UK_j6cwks7xecs5jov19ro8ge3qk unique (name)
2026-05-11 14:11:04 [main] DEBUG org.hibernate.SQL - 
    alter table if exists employees 
       drop constraint if exists UK_3um79qgwg340lpaw7phtwudtc
2026-05-11 14:11:04 [main] DEBUG org.hibernate.SQL - 
    alter table if exists employees 
       add constraint UK_3um79qgwg340lpaw7phtwudtc unique (code)
2026-05-11 14:11:04 [main] DEBUG org.hibernate.SQL - 
    alter table if exists employees 
       drop constraint if exists UK_j9xgmd0ya5jmus09o0b8pqrpb
2026-05-11 14:11:04 [main] DEBUG org.hibernate.SQL - 
    alter table if exists employees 
       add constraint UK_j9xgmd0ya5jmus09o0b8pqrpb unique (email)
2026-05-11 14:11:04 [main] DEBUG org.hibernate.SQL - 
    alter table if exists roles 
       drop constraint if exists UK_ofx66keruapi6vyqpv6f2or37
2026-05-11 14:11:04 [main] DEBUG org.hibernate.SQL - 
    alter table if exists roles 
       add constraint UK_ofx66keruapi6vyqpv6f2or37 unique (name)
2026-05-11 14:11:04 [main] DEBUG org.hibernate.SQL - 
    alter table if exists skills 
       drop constraint if exists UK_85woe63nu9klkk9fa73vf0jd0
2026-05-11 14:11:04 [main] DEBUG org.hibernate.SQL - 
    alter table if exists skills 
       add constraint UK_85woe63nu9klkk9fa73vf0jd0 unique (name)
2026-05-11 14:11:04 [main] DEBUG org.hibernate.SQL - 
    alter table if exists users 
       drop constraint if exists UK_6dotkott2kjsp8vw4d0m25fb7
2026-05-11 14:11:04 [main] DEBUG org.hibernate.SQL - 
    alter table if exists users 
       add constraint UK_6dotkott2kjsp8vw4d0m25fb7 unique (email)
2026-05-11 14:11:04 [main] DEBUG org.hibernate.SQL - 
    alter table if exists users 
       drop constraint if exists UK_r43af9ap4edm43mmtq01oddj6
2026-05-11 14:11:04 [main] DEBUG org.hibernate.SQL - 
    alter table if exists users 
       add constraint UK_r43af9ap4edm43mmtq01oddj6 unique (username)
2026-05-11 14:11:04 [main] DEBUG org.hibernate.SQL - 
    alter table if exists attrition_scores 
       add constraint FKlm5nxeuk1lmygjhwportorox1 
       foreign key (employee_id) 
       references employees
2026-05-11 14:11:04 [main] DEBUG org.hibernate.SQL - 
    alter table if exists employees 
       add constraint FKgy4qe3dnqrm3ktd76sxp7n4c2 
       foreign key (department_id) 
       references departments
2026-05-11 14:11:04 [main] DEBUG org.hibernate.SQL - 
    alter table if exists shift_assignments 
       add constraint FKbfmt35sngf827e1fldbpvdi8a 
       foreign key (employee_id) 
       references employees
2026-05-11 14:11:04 [main] DEBUG org.hibernate.SQL - 
    alter table if exists shift_assignments 
       add constraint FK21yymh6e7f9jgjt80yb8s98r 
       foreign key (shift_id) 
       references shifts
2026-05-11 14:11:04 [main] DEBUG org.hibernate.SQL - 
    alter table if exists shifts 
       add constraint FKnf289iyh3bfjw04m0rg7i0x16 
       foreign key (required_skill_id) 
       references skills
2026-05-11 14:11:04 [main] DEBUG org.hibernate.SQL - 
    alter table if exists users 
       add constraint FKp56c1712k691lhsyewcssf40f 
       foreign key (role_id) 
       references roles
2026-05-11 14:11:04 [main] INFO  o.s.o.j.LocalContainerEntityManagerFactoryBean - Initialized JPA EntityManagerFactory for persistence unit 'default'
2026-05-11 14:11:04 [main] DEBUG c.w.security.JwtAuthenticationFilter - Filter 'jwtAuthenticationFilter' configured for use
2026-05-11 14:11:06 [main] INFO  o.s.s.web.DefaultSecurityFilterChain - Will secure any request with [org.springframework.security.web.session.DisableEncodeUrlFilter@5da16ed6, org.springframework.security.web.context.request.async.WebAsyncManagerIntegrationFilter@444720b7, org.springframework.security.web.context.SecurityContextHolderFilter@5b395ee, org.springframework.security.web.header.HeaderWriterFilter@6fe55fcf, org.springframework.web.filter.CorsFilter@529fda9f, org.springframework.security.web.authentication.logout.LogoutFilter@74597c37, com.workforce.security.JwtAuthenticationFilter@61e34bec, org.springframework.security.web.savedrequest.RequestCacheAwareFilter@6020cd42, org.springframework.security.web.servletapi.SecurityContextHolderAwareRequestFilter@2b68c59b, org.springframework.security.web.authentication.AnonymousAuthenticationFilter@2b8f5aa4, org.springframework.security.web.session.SessionManagementFilter@4a9d6eb9, org.springframework.security.web.access.ExceptionTranslationFilter@304933cb, org.springframework.security.web.access.intercept.AuthorizationFilter@7fecc26f]
2026-05-11 14:11:06 [main] INFO  o.s.d.j.r.query.QueryEnhancerFactory - Hibernate is in classpath; If applicable, HQL parser will be used.
2026-05-11 14:11:07 [main] INFO  o.s.b.w.e.tomcat.TomcatWebServer - Tomcat started on port 8080 (http) with context path ''
2026-05-11 14:11:07 [main] INFO  c.w.WorkforceOptimizationApplication - Started WorkforceOptimizationApplication in 11.805 seconds (process running for 12.54)
2026-05-11 14:11:07 [main] DEBUG org.hibernate.SQL - 
    /* select
        count(*) 
    from
        Role x */ select
            count(*) 
        from
            roles r1_0
2026-05-11 14:11:07 [main] DEBUG org.hibernate.SQL - 
    /* <criteria> */ select
        u1_0.id,
        u1_0.created_at,
        u1_0.email,
        u1_0.is_active,
        u1_0.password_hash,
        u1_0.role_id,
        u1_0.updated_at,
        u1_0.username 
    from
        users u1_0 
    where
        u1_0.username=?
2026-05-11 14:11:07 [main] DEBUG org.hibernate.SQL - 
    select
        r1_0.id,
        r1_0.created_at,
        r1_0.description,
        r1_0.name 
    from
        roles r1_0 
    where
        r1_0.id=?
2026-05-11 14:11:08 [main] DEBUG org.hibernate.SQL - 
    select
        u1_0.id,
        u1_0.created_at,
        u1_0.email,
        u1_0.is_active,
        u1_0.password_hash,
        u1_0.role_id,
        r1_0.id,
        r1_0.created_at,
        r1_0.description,
        r1_0.name,
        u1_0.updated_at,
        u1_0.username 
    from
        users u1_0 
    join
        roles r1_0 
            on r1_0.id=u1_0.role_id 
    where
        u1_0.id=?
2026-05-11 14:11:08 [main] DEBUG org.hibernate.SQL - 
    /* update
        for com.workforce.entity.User */update users 
    set
        email=?,
        is_active=?,
        password_hash=?,
        role_id=?,
        updated_at=?,
        username=? 
    where
        id=?
2026-05-11 14:11:08 [main] INFO  com.workforce.config.DataSeeder - Admin user already exists. Password reset to default admin123.
2026-05-11 14:35:01 [HikariPool-1 housekeeper] WARN  com.zaxxer.hikari.pool.HikariPool - HikariPool-1 - Thread starvation or clock leap detected (housekeeper delta=13m621ms762µs300ns).
2026-05-11 15:08:16 [HikariPool-1 housekeeper] WARN  com.zaxxer.hikari.pool.HikariPool - HikariPool-1 - Thread starvation or clock leap detected (housekeeper delta=24m45s32ms593µs900ns).
